<html>
<body>
<pre>
<h1>µVision Build Log</h1>
<h2>Tool Versions:</h2>
IDE-Version: µVision V5.16a
Copyright (C) 2015 ARM Ltd and ARM Germany GmbH. All rights reserved.
License Information: Vadimatorik V, V, LIC=1WSNN-YF88E-KUU4L-0NA2I-52IW3-JJLMD
 
Tool Versions:
Toolchain:       MDK-ARM Professional  Version: 5.16a
Middleware:      RL-ARM Real-Time Library Version V3.70
Toolchain Path:  C:\Keil_v5\ARM\ARMCC\Bin
C Compiler:      Armcc.exe V5.06 (build 20)
Assembler:       Armasm.exe V5.06 (build 20)
Linker/Locator:  ArmLink.exe V5.06 (build 20)
Library Manager: ArmAr.exe V5.06 (build 20)
Hex Converter:   FromElf.exe V5.06 (build 20)
CPU DLL:         SARMCM3.DLL V5.16a
Dialog DLL:      DCM.DLL V1.13.2.0
Target DLL:      Segger\JL2CM3.dll V2.99.15.2
Dialog DLL:      TCM.DLL V1.14.5.0
 
<h2>Project:</h2>
C:\1986BE92QI\1986ve9proj.uvproj
Project File Date:  09/15/2015

<h2>Output:</h2>
*** Using Compiler 'V5.06 (build 20)', folder: 'C:\Keil_v5\ARM\ARMCC\Bin'
Build target 'Target 1'
compiling main.c...
linking...
Program Size: Code=548 RO-data=224 RW-data=4 ZI-data=1636  
FromELF: creating hex file...
".\1986ve9proj.axf" - 0 Error(s), 0 Warning(s).
Build Time Elapsed:  00:00:01
</pre>
</body>
</html>
